// Jest Snapshot v1, https://goo.gl/fbAQLP

exports[`MainTitle renders 1`] = `
ShallowWrapper {
  "length": 1,
  Symbol(enzyme.__root__): [Circular],
  Symbol(enzyme.__unrendered__): <MainTitle
    title="Test Title"
/>,
  Symbol(enzyme.__renderer__): Object {
    "batchedUpdates": [Function],
    "getNode": [Function],
    "render": [Function],
    "simulateEvent": [Function],
    "unmount": [Function],
  },
  Symbol(enzyme.__node__): Object {
    "instance": null,
    "key": undefined,
    "nodeType": "function",
    "props": Object {
      "children": <Header
        as="h1"
        textAlign="center"
>
        <ReactRevealText
                className=""
                delayMax={1200}
                delayMin={200}
                show={false}
                style={Object {}}
                text=""
                threshold={0.2}
                timingFunction="linear"
                transitionTime={1300}
        >
                Test Title
        </ReactRevealText>
</Header>,
      "style": Object {
        "alignItems": "center",
        "display": "flex",
        "flex": 1,
        "flexDirection": "column",
        "justifyContent": "center",
        "minHeight": "150px",
      },
    },
    "ref": null,
    "rendered": Object {
      "instance": null,
      "key": undefined,
      "nodeType": "function",
      "props": Object {
        "as": "h1",
        "children": <ReactRevealText
          className=""
          delayMax={1200}
          delayMin={200}
          show={false}
          style={Object {}}
          text=""
          threshold={0.2}
          timingFunction="linear"
          transitionTime={1300}
>
          Test Title
</ReactRevealText>,
        "textAlign": "center",
      },
      "ref": null,
      "rendered": Object {
        "instance": null,
        "key": undefined,
        "nodeType": "class",
        "props": Object {
          "children": "Test Title",
          "className": "",
          "delayMax": 1200,
          "delayMin": 200,
          "show": false,
          "style": Object {},
          "text": "",
          "threshold": 0.2,
          "timingFunction": "linear",
          "transitionTime": 1300,
        },
        "ref": null,
        "rendered": "Test Title",
        "type": [Function],
      },
      "type": [Function],
    },
    "type": [Function],
  },
  Symbol(enzyme.__nodes__): Array [
    Object {
      "instance": null,
      "key": undefined,
      "nodeType": "function",
      "props": Object {
        "children": <Header
          as="h1"
          textAlign="center"
>
          <ReactRevealText
                    className=""
                    delayMax={1200}
                    delayMin={200}
                    show={false}
                    style={Object {}}
                    text=""
                    threshold={0.2}
                    timingFunction="linear"
                    transitionTime={1300}
          >
                    Test Title
          </ReactRevealText>
</Header>,
        "style": Object {
          "alignItems": "center",
          "display": "flex",
          "flex": 1,
          "flexDirection": "column",
          "justifyContent": "center",
          "minHeight": "150px",
        },
      },
      "ref": null,
      "rendered": Object {
        "instance": null,
        "key": undefined,
        "nodeType": "function",
        "props": Object {
          "as": "h1",
          "children": <ReactRevealText
            className=""
            delayMax={1200}
            delayMin={200}
            show={false}
            style={Object {}}
            text=""
            threshold={0.2}
            timingFunction="linear"
            transitionTime={1300}
>
            Test Title
</ReactRevealText>,
          "textAlign": "center",
        },
        "ref": null,
        "rendered": Object {
          "instance": null,
          "key": undefined,
          "nodeType": "class",
          "props": Object {
            "children": "Test Title",
            "className": "",
            "delayMax": 1200,
            "delayMin": 200,
            "show": false,
            "style": Object {},
            "text": "",
            "threshold": 0.2,
            "timingFunction": "linear",
            "transitionTime": 1300,
          },
          "ref": null,
          "rendered": "Test Title",
          "type": [Function],
        },
        "type": [Function],
      },
      "type": [Function],
    },
  ],
  Symbol(enzyme.__options__): Object {
    "adapter": ReactSixteenAdapter {
      "options": Object {
        "enableComponentDidUpdateOnSetState": true,
      },
    },
  },
}
`;
