// Jest Snapshot v1, https://goo.gl/fbAQLP

exports[`JavaScriptLogo renders without fill prop 1`] = `
ShallowWrapper {
  "length": 1,
  Symbol(enzyme.__root__): [Circular],
  Symbol(enzyme.__unrendered__): <JavaScriptLogo
    handler={[Function]}
/>,
  Symbol(enzyme.__renderer__): Object {
    "batchedUpdates": [Function],
    "getNode": [Function],
    "render": [Function],
    "simulateEvent": [Function],
    "unmount": [Function],
  },
  Symbol(enzyme.__node__): Object {
    "instance": null,
    "key": undefined,
    "nodeType": "host",
    "props": Object {
      "children": Array [
        <path
          d="M0 0h256v256H0V0z"
          fill="#F7DF1E"
/>,
        <path
          d="M67.312 213.932l19.59-11.856c3.78 6.701 7.218 12.371 15.465 12.371 7.905 0 12.89-3.092 12.89-15.12v-81.798h24.057v82.138c0 24.917-14.606 36.259-35.916 36.259-19.245 0-30.416-9.967-36.087-21.996M152.381 211.354l19.588-11.341c5.157 8.421 11.859 14.607 23.715 14.607 9.969 0 16.325-4.984 16.325-11.858 0-8.248-6.53-11.17-17.528-15.98l-6.013-2.58c-17.357-7.387-28.87-16.667-28.87-36.257 0-18.044 13.747-31.792 35.228-31.792 15.294 0 26.292 5.328 34.196 19.247L210.29 147.43c-4.125-7.389-8.591-10.31-15.465-10.31-7.046 0-11.514 4.468-11.514 10.31 0 7.217 4.468 10.14 14.778 14.608l6.014 2.577c20.45 8.765 31.963 17.7 31.963 37.804 0 21.654-17.012 33.51-39.867 33.51-22.339 0-36.774-10.654-43.819-24.574"
/>,
      ],
      "onClick": [Function],
      "style": Object {
        "cursor": "pointer",
      },
      "transform": "scale(0.02)translate(90, 120)",
    },
    "ref": null,
    "rendered": Array [
      Object {
        "instance": null,
        "key": undefined,
        "nodeType": "host",
        "props": Object {
          "d": "M0 0h256v256H0V0z",
          "fill": "#F7DF1E",
        },
        "ref": null,
        "rendered": null,
        "type": "path",
      },
      Object {
        "instance": null,
        "key": undefined,
        "nodeType": "host",
        "props": Object {
          "d": "M67.312 213.932l19.59-11.856c3.78 6.701 7.218 12.371 15.465 12.371 7.905 0 12.89-3.092 12.89-15.12v-81.798h24.057v82.138c0 24.917-14.606 36.259-35.916 36.259-19.245 0-30.416-9.967-36.087-21.996M152.381 211.354l19.588-11.341c5.157 8.421 11.859 14.607 23.715 14.607 9.969 0 16.325-4.984 16.325-11.858 0-8.248-6.53-11.17-17.528-15.98l-6.013-2.58c-17.357-7.387-28.87-16.667-28.87-36.257 0-18.044 13.747-31.792 35.228-31.792 15.294 0 26.292 5.328 34.196 19.247L210.29 147.43c-4.125-7.389-8.591-10.31-15.465-10.31-7.046 0-11.514 4.468-11.514 10.31 0 7.217 4.468 10.14 14.778 14.608l6.014 2.577c20.45 8.765 31.963 17.7 31.963 37.804 0 21.654-17.012 33.51-39.867 33.51-22.339 0-36.774-10.654-43.819-24.574",
        },
        "ref": null,
        "rendered": null,
        "type": "path",
      },
    ],
    "type": "g",
  },
  Symbol(enzyme.__nodes__): Array [
    Object {
      "instance": null,
      "key": undefined,
      "nodeType": "host",
      "props": Object {
        "children": Array [
          <path
            d="M0 0h256v256H0V0z"
            fill="#F7DF1E"
/>,
          <path
            d="M67.312 213.932l19.59-11.856c3.78 6.701 7.218 12.371 15.465 12.371 7.905 0 12.89-3.092 12.89-15.12v-81.798h24.057v82.138c0 24.917-14.606 36.259-35.916 36.259-19.245 0-30.416-9.967-36.087-21.996M152.381 211.354l19.588-11.341c5.157 8.421 11.859 14.607 23.715 14.607 9.969 0 16.325-4.984 16.325-11.858 0-8.248-6.53-11.17-17.528-15.98l-6.013-2.58c-17.357-7.387-28.87-16.667-28.87-36.257 0-18.044 13.747-31.792 35.228-31.792 15.294 0 26.292 5.328 34.196 19.247L210.29 147.43c-4.125-7.389-8.591-10.31-15.465-10.31-7.046 0-11.514 4.468-11.514 10.31 0 7.217 4.468 10.14 14.778 14.608l6.014 2.577c20.45 8.765 31.963 17.7 31.963 37.804 0 21.654-17.012 33.51-39.867 33.51-22.339 0-36.774-10.654-43.819-24.574"
/>,
        ],
        "onClick": [Function],
        "style": Object {
          "cursor": "pointer",
        },
        "transform": "scale(0.02)translate(90, 120)",
      },
      "ref": null,
      "rendered": Array [
        Object {
          "instance": null,
          "key": undefined,
          "nodeType": "host",
          "props": Object {
            "d": "M0 0h256v256H0V0z",
            "fill": "#F7DF1E",
          },
          "ref": null,
          "rendered": null,
          "type": "path",
        },
        Object {
          "instance": null,
          "key": undefined,
          "nodeType": "host",
          "props": Object {
            "d": "M67.312 213.932l19.59-11.856c3.78 6.701 7.218 12.371 15.465 12.371 7.905 0 12.89-3.092 12.89-15.12v-81.798h24.057v82.138c0 24.917-14.606 36.259-35.916 36.259-19.245 0-30.416-9.967-36.087-21.996M152.381 211.354l19.588-11.341c5.157 8.421 11.859 14.607 23.715 14.607 9.969 0 16.325-4.984 16.325-11.858 0-8.248-6.53-11.17-17.528-15.98l-6.013-2.58c-17.357-7.387-28.87-16.667-28.87-36.257 0-18.044 13.747-31.792 35.228-31.792 15.294 0 26.292 5.328 34.196 19.247L210.29 147.43c-4.125-7.389-8.591-10.31-15.465-10.31-7.046 0-11.514 4.468-11.514 10.31 0 7.217 4.468 10.14 14.778 14.608l6.014 2.577c20.45 8.765 31.963 17.7 31.963 37.804 0 21.654-17.012 33.51-39.867 33.51-22.339 0-36.774-10.654-43.819-24.574",
          },
          "ref": null,
          "rendered": null,
          "type": "path",
        },
      ],
      "type": "g",
    },
  ],
  Symbol(enzyme.__options__): Object {
    "adapter": ReactSixteenAdapter {
      "options": Object {
        "enableComponentDidUpdateOnSetState": true,
      },
    },
  },
}
`;

exports[`PythonLogo renders without fill prop 1`] = `
ShallowWrapper {
  "length": 1,
  Symbol(enzyme.__root__): [Circular],
  Symbol(enzyme.__unrendered__): <PythonLogo
    handler={[Function]}
/>,
  Symbol(enzyme.__renderer__): Object {
    "batchedUpdates": [Function],
    "getNode": [Function],
    "render": [Function],
    "simulateEvent": [Function],
    "unmount": [Function],
  },
  Symbol(enzyme.__node__): Object {
    "instance": null,
    "key": undefined,
    "nodeType": "host",
    "props": Object {
      "children": Array [
        <path
          d="M0 0H128V128H0z"
          fill="#000"
/>,
        <g
          fillRule="nonzero"
>
          <path
                    d="M36.3454396,46.4313833 L59.4859996,46.4313833 C65.9473247,46.4313833 70.455226,41.0219017 70.455226,34.5605765 L70.455226,12.772387 C70.455226,6.61158856 65.4965346,1.95342389 59.1854728,0.901580258 C55.1283617,0.300526753 51.2215139,0 47.3146661,0 C43.4078183,0 39.9517606,0.300526753 36.6459664,0.901580258 C26.8788469,2.5544774 25.5264765,6.16079843 25.5264765,12.772387 L25.5264765,20.8866093 L48.065983,20.8866093 L48.065983,23.8918768 L24.7751596,23.8918768 L16.0598838,23.8918768 C9.29803188,23.8918768 3.43776021,28.0992514 1.63459969,35.7626836 C-0.469087574,44.4779594 -0.61935095,49.8874409 1.63459969,58.9032435 C3.28749683,65.6650954 7.19434462,70.4735235 13.9561965,70.4735235 L22.521209,70.4735235 L22.521209,60.4058773 C22.3709456,52.8927085 28.3814807,46.4313833 36.3454396,46.4313833 Z M34.8428059,15.6273911 C32.4385918,15.6273911 30.4851679,13.6739672 30.4851679,11.2697532 C30.4851679,8.8655392 32.4385918,6.91211531 34.8428059,6.91211531 C37.2470199,6.91211531 39.2004438,8.8655392 39.2004438,11.2697532 C39.2004438,13.6739672 37.2470199,15.6273911 34.8428059,15.6273911 Z"
                    fill="#3D8AC8"
                    transform="translate(16.000000, 16.000000)"
          />
          <path
                    d="M94.1968395,35.7626836 C92.5439423,29.151095 89.3884114,23.8918768 82.6265595,23.8918768 L73.4604936,23.8918768 L73.4604936,34.5605765 C73.4604936,42.5245355 67.1494318,49.4366508 59.4859996,49.4366508 L36.3454396,49.4366508 C30.0343778,49.4366508 25.3762131,54.5456056 25.3762131,60.706404 L25.3762131,82.4945936 C25.3762131,88.655392 30.4851679,92.4119764 36.6459664,94.2151369 C44.0088718,96.3188242 50.6204604,96.7696143 59.3357362,94.2151369 C65.1960079,92.5622398 70.455226,89.1061821 70.455226,82.4945936 L70.455226,73.478791 L47.9157196,73.478791 L47.9157196,70.4735235 L71.0562795,70.4735235 L82.6265595,70.4735235 C89.3884114,70.4735235 91.9428888,65.9656222 94.1968395,58.9032435 C96.6010535,51.8408648 96.6010535,44.9287495 94.1968395,35.7626836 Z M60.8383699,79.6395894 C63.242584,79.6395894 65.1960079,81.5930133 65.1960079,83.9972273 C65.1960079,86.4014414 63.242584,88.3548653 60.8383699,88.3548653 C58.4341559,88.3548653 56.480732,86.4014414 56.480732,83.9972273 C56.480732,81.5930133 58.5844193,79.6395894 60.8383699,79.6395894 Z"
                    fill="#FBC02D"
                    transform="translate(16.000000, 16.000000)"
          />
</g>,
      ],
      "fill": "#000",
      "fillRule": "evenodd",
      "onClick": [Function],
      "style": Object {
        "cursor": "pointer",
      },
      "transform": "scale(0.048)translate(27, 42)",
    },
    "ref": null,
    "rendered": Array [
      Object {
        "instance": null,
        "key": undefined,
        "nodeType": "host",
        "props": Object {
          "d": "M0 0H128V128H0z",
          "fill": "#000",
        },
        "ref": null,
        "rendered": null,
        "type": "path",
      },
      Object {
        "instance": null,
        "key": undefined,
        "nodeType": "host",
        "props": Object {
          "children": Array [
            <path
              d="M36.3454396,46.4313833 L59.4859996,46.4313833 C65.9473247,46.4313833 70.455226,41.0219017 70.455226,34.5605765 L70.455226,12.772387 C70.455226,6.61158856 65.4965346,1.95342389 59.1854728,0.901580258 C55.1283617,0.300526753 51.2215139,0 47.3146661,0 C43.4078183,0 39.9517606,0.300526753 36.6459664,0.901580258 C26.8788469,2.5544774 25.5264765,6.16079843 25.5264765,12.772387 L25.5264765,20.8866093 L48.065983,20.8866093 L48.065983,23.8918768 L24.7751596,23.8918768 L16.0598838,23.8918768 C9.29803188,23.8918768 3.43776021,28.0992514 1.63459969,35.7626836 C-0.469087574,44.4779594 -0.61935095,49.8874409 1.63459969,58.9032435 C3.28749683,65.6650954 7.19434462,70.4735235 13.9561965,70.4735235 L22.521209,70.4735235 L22.521209,60.4058773 C22.3709456,52.8927085 28.3814807,46.4313833 36.3454396,46.4313833 Z M34.8428059,15.6273911 C32.4385918,15.6273911 30.4851679,13.6739672 30.4851679,11.2697532 C30.4851679,8.8655392 32.4385918,6.91211531 34.8428059,6.91211531 C37.2470199,6.91211531 39.2004438,8.8655392 39.2004438,11.2697532 C39.2004438,13.6739672 37.2470199,15.6273911 34.8428059,15.6273911 Z"
              fill="#3D8AC8"
              transform="translate(16.000000, 16.000000)"
/>,
            <path
              d="M94.1968395,35.7626836 C92.5439423,29.151095 89.3884114,23.8918768 82.6265595,23.8918768 L73.4604936,23.8918768 L73.4604936,34.5605765 C73.4604936,42.5245355 67.1494318,49.4366508 59.4859996,49.4366508 L36.3454396,49.4366508 C30.0343778,49.4366508 25.3762131,54.5456056 25.3762131,60.706404 L25.3762131,82.4945936 C25.3762131,88.655392 30.4851679,92.4119764 36.6459664,94.2151369 C44.0088718,96.3188242 50.6204604,96.7696143 59.3357362,94.2151369 C65.1960079,92.5622398 70.455226,89.1061821 70.455226,82.4945936 L70.455226,73.478791 L47.9157196,73.478791 L47.9157196,70.4735235 L71.0562795,70.4735235 L82.6265595,70.4735235 C89.3884114,70.4735235 91.9428888,65.9656222 94.1968395,58.9032435 C96.6010535,51.8408648 96.6010535,44.9287495 94.1968395,35.7626836 Z M60.8383699,79.6395894 C63.242584,79.6395894 65.1960079,81.5930133 65.1960079,83.9972273 C65.1960079,86.4014414 63.242584,88.3548653 60.8383699,88.3548653 C58.4341559,88.3548653 56.480732,86.4014414 56.480732,83.9972273 C56.480732,81.5930133 58.5844193,79.6395894 60.8383699,79.6395894 Z"
              fill="#FBC02D"
              transform="translate(16.000000, 16.000000)"
/>,
          ],
          "fillRule": "nonzero",
        },
        "ref": null,
        "rendered": Array [
          Object {
            "instance": null,
            "key": undefined,
            "nodeType": "host",
            "props": Object {
              "d": "M36.3454396,46.4313833 L59.4859996,46.4313833 C65.9473247,46.4313833 70.455226,41.0219017 70.455226,34.5605765 L70.455226,12.772387 C70.455226,6.61158856 65.4965346,1.95342389 59.1854728,0.901580258 C55.1283617,0.300526753 51.2215139,0 47.3146661,0 C43.4078183,0 39.9517606,0.300526753 36.6459664,0.901580258 C26.8788469,2.5544774 25.5264765,6.16079843 25.5264765,12.772387 L25.5264765,20.8866093 L48.065983,20.8866093 L48.065983,23.8918768 L24.7751596,23.8918768 L16.0598838,23.8918768 C9.29803188,23.8918768 3.43776021,28.0992514 1.63459969,35.7626836 C-0.469087574,44.4779594 -0.61935095,49.8874409 1.63459969,58.9032435 C3.28749683,65.6650954 7.19434462,70.4735235 13.9561965,70.4735235 L22.521209,70.4735235 L22.521209,60.4058773 C22.3709456,52.8927085 28.3814807,46.4313833 36.3454396,46.4313833 Z M34.8428059,15.6273911 C32.4385918,15.6273911 30.4851679,13.6739672 30.4851679,11.2697532 C30.4851679,8.8655392 32.4385918,6.91211531 34.8428059,6.91211531 C37.2470199,6.91211531 39.2004438,8.8655392 39.2004438,11.2697532 C39.2004438,13.6739672 37.2470199,15.6273911 34.8428059,15.6273911 Z",
              "fill": "#3D8AC8",
              "transform": "translate(16.000000, 16.000000)",
            },
            "ref": null,
            "rendered": null,
            "type": "path",
          },
          Object {
            "instance": null,
            "key": undefined,
            "nodeType": "host",
            "props": Object {
              "d": "M94.1968395,35.7626836 C92.5439423,29.151095 89.3884114,23.8918768 82.6265595,23.8918768 L73.4604936,23.8918768 L73.4604936,34.5605765 C73.4604936,42.5245355 67.1494318,49.4366508 59.4859996,49.4366508 L36.3454396,49.4366508 C30.0343778,49.4366508 25.3762131,54.5456056 25.3762131,60.706404 L25.3762131,82.4945936 C25.3762131,88.655392 30.4851679,92.4119764 36.6459664,94.2151369 C44.0088718,96.3188242 50.6204604,96.7696143 59.3357362,94.2151369 C65.1960079,92.5622398 70.455226,89.1061821 70.455226,82.4945936 L70.455226,73.478791 L47.9157196,73.478791 L47.9157196,70.4735235 L71.0562795,70.4735235 L82.6265595,70.4735235 C89.3884114,70.4735235 91.9428888,65.9656222 94.1968395,58.9032435 C96.6010535,51.8408648 96.6010535,44.9287495 94.1968395,35.7626836 Z M60.8383699,79.6395894 C63.242584,79.6395894 65.1960079,81.5930133 65.1960079,83.9972273 C65.1960079,86.4014414 63.242584,88.3548653 60.8383699,88.3548653 C58.4341559,88.3548653 56.480732,86.4014414 56.480732,83.9972273 C56.480732,81.5930133 58.5844193,79.6395894 60.8383699,79.6395894 Z",
              "fill": "#FBC02D",
              "transform": "translate(16.000000, 16.000000)",
            },
            "ref": null,
            "rendered": null,
            "type": "path",
          },
        ],
        "type": "g",
      },
    ],
    "type": "g",
  },
  Symbol(enzyme.__nodes__): Array [
    Object {
      "instance": null,
      "key": undefined,
      "nodeType": "host",
      "props": Object {
        "children": Array [
          <path
            d="M0 0H128V128H0z"
            fill="#000"
/>,
          <g
            fillRule="nonzero"
>
            <path
                        d="M36.3454396,46.4313833 L59.4859996,46.4313833 C65.9473247,46.4313833 70.455226,41.0219017 70.455226,34.5605765 L70.455226,12.772387 C70.455226,6.61158856 65.4965346,1.95342389 59.1854728,0.901580258 C55.1283617,0.300526753 51.2215139,0 47.3146661,0 C43.4078183,0 39.9517606,0.300526753 36.6459664,0.901580258 C26.8788469,2.5544774 25.5264765,6.16079843 25.5264765,12.772387 L25.5264765,20.8866093 L48.065983,20.8866093 L48.065983,23.8918768 L24.7751596,23.8918768 L16.0598838,23.8918768 C9.29803188,23.8918768 3.43776021,28.0992514 1.63459969,35.7626836 C-0.469087574,44.4779594 -0.61935095,49.8874409 1.63459969,58.9032435 C3.28749683,65.6650954 7.19434462,70.4735235 13.9561965,70.4735235 L22.521209,70.4735235 L22.521209,60.4058773 C22.3709456,52.8927085 28.3814807,46.4313833 36.3454396,46.4313833 Z M34.8428059,15.6273911 C32.4385918,15.6273911 30.4851679,13.6739672 30.4851679,11.2697532 C30.4851679,8.8655392 32.4385918,6.91211531 34.8428059,6.91211531 C37.2470199,6.91211531 39.2004438,8.8655392 39.2004438,11.2697532 C39.2004438,13.6739672 37.2470199,15.6273911 34.8428059,15.6273911 Z"
                        fill="#3D8AC8"
                        transform="translate(16.000000, 16.000000)"
            />
            <path
                        d="M94.1968395,35.7626836 C92.5439423,29.151095 89.3884114,23.8918768 82.6265595,23.8918768 L73.4604936,23.8918768 L73.4604936,34.5605765 C73.4604936,42.5245355 67.1494318,49.4366508 59.4859996,49.4366508 L36.3454396,49.4366508 C30.0343778,49.4366508 25.3762131,54.5456056 25.3762131,60.706404 L25.3762131,82.4945936 C25.3762131,88.655392 30.4851679,92.4119764 36.6459664,94.2151369 C44.0088718,96.3188242 50.6204604,96.7696143 59.3357362,94.2151369 C65.1960079,92.5622398 70.455226,89.1061821 70.455226,82.4945936 L70.455226,73.478791 L47.9157196,73.478791 L47.9157196,70.4735235 L71.0562795,70.4735235 L82.6265595,70.4735235 C89.3884114,70.4735235 91.9428888,65.9656222 94.1968395,58.9032435 C96.6010535,51.8408648 96.6010535,44.9287495 94.1968395,35.7626836 Z M60.8383699,79.6395894 C63.242584,79.6395894 65.1960079,81.5930133 65.1960079,83.9972273 C65.1960079,86.4014414 63.242584,88.3548653 60.8383699,88.3548653 C58.4341559,88.3548653 56.480732,86.4014414 56.480732,83.9972273 C56.480732,81.5930133 58.5844193,79.6395894 60.8383699,79.6395894 Z"
                        fill="#FBC02D"
                        transform="translate(16.000000, 16.000000)"
            />
</g>,
        ],
        "fill": "#000",
        "fillRule": "evenodd",
        "onClick": [Function],
        "style": Object {
          "cursor": "pointer",
        },
        "transform": "scale(0.048)translate(27, 42)",
      },
      "ref": null,
      "rendered": Array [
        Object {
          "instance": null,
          "key": undefined,
          "nodeType": "host",
          "props": Object {
            "d": "M0 0H128V128H0z",
            "fill": "#000",
          },
          "ref": null,
          "rendered": null,
          "type": "path",
        },
        Object {
          "instance": null,
          "key": undefined,
          "nodeType": "host",
          "props": Object {
            "children": Array [
              <path
                d="M36.3454396,46.4313833 L59.4859996,46.4313833 C65.9473247,46.4313833 70.455226,41.0219017 70.455226,34.5605765 L70.455226,12.772387 C70.455226,6.61158856 65.4965346,1.95342389 59.1854728,0.901580258 C55.1283617,0.300526753 51.2215139,0 47.3146661,0 C43.4078183,0 39.9517606,0.300526753 36.6459664,0.901580258 C26.8788469,2.5544774 25.5264765,6.16079843 25.5264765,12.772387 L25.5264765,20.8866093 L48.065983,20.8866093 L48.065983,23.8918768 L24.7751596,23.8918768 L16.0598838,23.8918768 C9.29803188,23.8918768 3.43776021,28.0992514 1.63459969,35.7626836 C-0.469087574,44.4779594 -0.61935095,49.8874409 1.63459969,58.9032435 C3.28749683,65.6650954 7.19434462,70.4735235 13.9561965,70.4735235 L22.521209,70.4735235 L22.521209,60.4058773 C22.3709456,52.8927085 28.3814807,46.4313833 36.3454396,46.4313833 Z M34.8428059,15.6273911 C32.4385918,15.6273911 30.4851679,13.6739672 30.4851679,11.2697532 C30.4851679,8.8655392 32.4385918,6.91211531 34.8428059,6.91211531 C37.2470199,6.91211531 39.2004438,8.8655392 39.2004438,11.2697532 C39.2004438,13.6739672 37.2470199,15.6273911 34.8428059,15.6273911 Z"
                fill="#3D8AC8"
                transform="translate(16.000000, 16.000000)"
/>,
              <path
                d="M94.1968395,35.7626836 C92.5439423,29.151095 89.3884114,23.8918768 82.6265595,23.8918768 L73.4604936,23.8918768 L73.4604936,34.5605765 C73.4604936,42.5245355 67.1494318,49.4366508 59.4859996,49.4366508 L36.3454396,49.4366508 C30.0343778,49.4366508 25.3762131,54.5456056 25.3762131,60.706404 L25.3762131,82.4945936 C25.3762131,88.655392 30.4851679,92.4119764 36.6459664,94.2151369 C44.0088718,96.3188242 50.6204604,96.7696143 59.3357362,94.2151369 C65.1960079,92.5622398 70.455226,89.1061821 70.455226,82.4945936 L70.455226,73.478791 L47.9157196,73.478791 L47.9157196,70.4735235 L71.0562795,70.4735235 L82.6265595,70.4735235 C89.3884114,70.4735235 91.9428888,65.9656222 94.1968395,58.9032435 C96.6010535,51.8408648 96.6010535,44.9287495 94.1968395,35.7626836 Z M60.8383699,79.6395894 C63.242584,79.6395894 65.1960079,81.5930133 65.1960079,83.9972273 C65.1960079,86.4014414 63.242584,88.3548653 60.8383699,88.3548653 C58.4341559,88.3548653 56.480732,86.4014414 56.480732,83.9972273 C56.480732,81.5930133 58.5844193,79.6395894 60.8383699,79.6395894 Z"
                fill="#FBC02D"
                transform="translate(16.000000, 16.000000)"
/>,
            ],
            "fillRule": "nonzero",
          },
          "ref": null,
          "rendered": Array [
            Object {
              "instance": null,
              "key": undefined,
              "nodeType": "host",
              "props": Object {
                "d": "M36.3454396,46.4313833 L59.4859996,46.4313833 C65.9473247,46.4313833 70.455226,41.0219017 70.455226,34.5605765 L70.455226,12.772387 C70.455226,6.61158856 65.4965346,1.95342389 59.1854728,0.901580258 C55.1283617,0.300526753 51.2215139,0 47.3146661,0 C43.4078183,0 39.9517606,0.300526753 36.6459664,0.901580258 C26.8788469,2.5544774 25.5264765,6.16079843 25.5264765,12.772387 L25.5264765,20.8866093 L48.065983,20.8866093 L48.065983,23.8918768 L24.7751596,23.8918768 L16.0598838,23.8918768 C9.29803188,23.8918768 3.43776021,28.0992514 1.63459969,35.7626836 C-0.469087574,44.4779594 -0.61935095,49.8874409 1.63459969,58.9032435 C3.28749683,65.6650954 7.19434462,70.4735235 13.9561965,70.4735235 L22.521209,70.4735235 L22.521209,60.4058773 C22.3709456,52.8927085 28.3814807,46.4313833 36.3454396,46.4313833 Z M34.8428059,15.6273911 C32.4385918,15.6273911 30.4851679,13.6739672 30.4851679,11.2697532 C30.4851679,8.8655392 32.4385918,6.91211531 34.8428059,6.91211531 C37.2470199,6.91211531 39.2004438,8.8655392 39.2004438,11.2697532 C39.2004438,13.6739672 37.2470199,15.6273911 34.8428059,15.6273911 Z",
                "fill": "#3D8AC8",
                "transform": "translate(16.000000, 16.000000)",
              },
              "ref": null,
              "rendered": null,
              "type": "path",
            },
            Object {
              "instance": null,
              "key": undefined,
              "nodeType": "host",
              "props": Object {
                "d": "M94.1968395,35.7626836 C92.5439423,29.151095 89.3884114,23.8918768 82.6265595,23.8918768 L73.4604936,23.8918768 L73.4604936,34.5605765 C73.4604936,42.5245355 67.1494318,49.4366508 59.4859996,49.4366508 L36.3454396,49.4366508 C30.0343778,49.4366508 25.3762131,54.5456056 25.3762131,60.706404 L25.3762131,82.4945936 C25.3762131,88.655392 30.4851679,92.4119764 36.6459664,94.2151369 C44.0088718,96.3188242 50.6204604,96.7696143 59.3357362,94.2151369 C65.1960079,92.5622398 70.455226,89.1061821 70.455226,82.4945936 L70.455226,73.478791 L47.9157196,73.478791 L47.9157196,70.4735235 L71.0562795,70.4735235 L82.6265595,70.4735235 C89.3884114,70.4735235 91.9428888,65.9656222 94.1968395,58.9032435 C96.6010535,51.8408648 96.6010535,44.9287495 94.1968395,35.7626836 Z M60.8383699,79.6395894 C63.242584,79.6395894 65.1960079,81.5930133 65.1960079,83.9972273 C65.1960079,86.4014414 63.242584,88.3548653 60.8383699,88.3548653 C58.4341559,88.3548653 56.480732,86.4014414 56.480732,83.9972273 C56.480732,81.5930133 58.5844193,79.6395894 60.8383699,79.6395894 Z",
                "fill": "#FBC02D",
                "transform": "translate(16.000000, 16.000000)",
              },
              "ref": null,
              "rendered": null,
              "type": "path",
            },
          ],
          "type": "g",
        },
      ],
      "type": "g",
    },
  ],
  Symbol(enzyme.__options__): Object {
    "adapter": ReactSixteenAdapter {
      "options": Object {
        "enableComponentDidUpdateOnSetState": true,
      },
    },
  },
}
`;

exports[`ReactLogo renders without fill prop 1`] = `
ShallowWrapper {
  "length": 1,
  Symbol(enzyme.__root__): [Circular],
  Symbol(enzyme.__unrendered__): <ReactLogo
    handler={[Function]}
/>,
  Symbol(enzyme.__renderer__): Object {
    "batchedUpdates": [Function],
    "getNode": [Function],
    "render": [Function],
    "simulateEvent": [Function],
    "unmount": [Function],
  },
  Symbol(enzyme.__node__): Object {
    "instance": null,
    "key": undefined,
    "nodeType": "host",
    "props": Object {
      "children": Array [
        <path
          d="M666.3 296.5c0-32.5-40.7-63.3-103.1-82.4 14.4-63.6 8-114.2-20.2-130.4-6.5-3.8-14.1-5.6-22.4-5.6v22.3c4.6 0 8.3.9 11.4 2.6 13.6 7.8 19.5 37.5 14.9 75.7-1.1 9.4-2.9 19.3-5.1 29.4-19.6-4.8-41-8.5-63.5-10.9-13.5-18.5-27.5-35.3-41.6-50 32.6-30.3 63.2-46.9 84-46.9V78c-27.5 0-63.5 19.6-99.9 53.6-36.4-33.8-72.4-53.2-99.9-53.2v22.3c20.7 0 51.4 16.5 84 46.6-14 14.7-28 31.4-41.3 49.9-22.6 2.4-44 6.1-63.6 11-2.3-10-4-19.7-5.2-29-4.7-38.2 1.1-67.9 14.6-75.8 3-1.8 6.9-2.6 11.5-2.6V78.5c-8.4 0-16 1.8-22.6 5.6-28.1 16.2-34.4 66.7-19.9 130.1-62.2 19.2-102.7 49.9-102.7 82.3 0 32.5 40.7 63.3 103.1 82.4-14.4 63.6-8 114.2 20.2 130.4 6.5 3.8 14.1 5.6 22.5 5.6 27.5 0 63.5-19.6 99.9-53.6 36.4 33.8 72.4 53.2 99.9 53.2 8.4 0 16-1.8 22.6-5.6 28.1-16.2 34.4-66.7 19.9-130.1 62-19.1 102.5-49.9 102.5-82.3zm-130.2-66.7c-3.7 12.9-8.3 26.2-13.5 39.5-4.1-8-8.4-16-13.1-24-4.6-8-9.5-15.8-14.4-23.4 14.2 2.1 27.9 4.7 41 7.9zm-45.8 106.5c-7.8 13.5-15.8 26.3-24.1 38.2-14.9 1.3-30 2-45.2 2-15.1 0-30.2-.7-45-1.9-8.3-11.9-16.4-24.6-24.2-38-7.6-13.1-14.5-26.4-20.8-39.8 6.2-13.4 13.2-26.8 20.7-39.9 7.8-13.5 15.8-26.3 24.1-38.2 14.9-1.3 30-2 45.2-2 15.1 0 30.2.7 45 1.9 8.3 11.9 16.4 24.6 24.2 38 7.6 13.1 14.5 26.4 20.8 39.8-6.3 13.4-13.2 26.8-20.7 39.9zm32.3-13c5.4 13.4 10 26.8 13.8 39.8-13.1 3.2-26.9 5.9-41.2 8 4.9-7.7 9.8-15.6 14.4-23.7 4.6-8 8.9-16.1 13-24.1zM421.2 430c-9.3-9.6-18.6-20.3-27.8-32 9 .4 18.2.7 27.5.7 9.4 0 18.7-.2 27.8-.7-9 11.7-18.3 22.4-27.5 32zm-74.4-58.9c-14.2-2.1-27.9-4.7-41-7.9 3.7-12.9 8.3-26.2 13.5-39.5 4.1 8 8.4 16 13.1 24 4.7 8 9.5 15.8 14.4 23.4zM420.7 163c9.3 9.6 18.6 20.3 27.8 32-9-.4-18.2-.7-27.5-.7-9.4 0-18.7.2-27.8.7 9-11.7 18.3-22.4 27.5-32zm-74 58.9c-4.9 7.7-9.8 15.6-14.4 23.7-4.6 8-8.9 16-13 24-5.4-13.4-10-26.8-13.8-39.8 13.1-3.1 26.9-5.8 41.2-7.9zm-90.5 125.2c-35.4-15.1-58.3-34.9-58.3-50.6 0-15.7 22.9-35.6 58.3-50.6 8.6-3.7 18-7 27.7-10.1 5.7 19.6 13.2 40 22.5 60.9-9.2 20.8-16.6 41.1-22.2 60.6-9.9-3.1-19.3-6.5-28-10.2zM310 490c-13.6-7.8-19.5-37.5-14.9-75.7 1.1-9.4 2.9-19.3 5.1-29.4 19.6 4.8 41 8.5 63.5 10.9 13.5 18.5 27.5 35.3 41.6 50-32.6 30.3-63.2 46.9-84 46.9-4.5-.1-8.3-1-11.3-2.7zm237.2-76.2c4.7 38.2-1.1 67.9-14.6 75.8-3 1.8-6.9 2.6-11.5 2.6-20.7 0-51.4-16.5-84-46.6 14-14.7 28-31.4 41.3-49.9 22.6-2.4 44-6.1 63.6-11 2.3 10.1 4.1 19.8 5.2 29.1zm38.5-66.7c-8.6 3.7-18 7-27.7 10.1-5.7-19.6-13.2-40-22.5-60.9 9.2-20.8 16.6-41.1 22.2-60.6 9.9 3.1 19.3 6.5 28.1 10.2 35.4 15.1 58.3 34.9 58.3 50.6-.1 15.7-23 35.6-58.4 50.6zM320.8 78.4z"
/>,
        <circle
          cx="420.9"
          cy="296.5"
          r="45.7"
/>,
        <path
          d="M520.5 78.1z"
/>,
      ],
      "fill": "#61DAFB",
      "onClick": [Function],
      "style": Object {
        "cursor": "pointer",
      },
      "transform": "scale(0.0125)translate(-70, 112)",
    },
    "ref": null,
    "rendered": Array [
      Object {
        "instance": null,
        "key": undefined,
        "nodeType": "host",
        "props": Object {
          "d": "M666.3 296.5c0-32.5-40.7-63.3-103.1-82.4 14.4-63.6 8-114.2-20.2-130.4-6.5-3.8-14.1-5.6-22.4-5.6v22.3c4.6 0 8.3.9 11.4 2.6 13.6 7.8 19.5 37.5 14.9 75.7-1.1 9.4-2.9 19.3-5.1 29.4-19.6-4.8-41-8.5-63.5-10.9-13.5-18.5-27.5-35.3-41.6-50 32.6-30.3 63.2-46.9 84-46.9V78c-27.5 0-63.5 19.6-99.9 53.6-36.4-33.8-72.4-53.2-99.9-53.2v22.3c20.7 0 51.4 16.5 84 46.6-14 14.7-28 31.4-41.3 49.9-22.6 2.4-44 6.1-63.6 11-2.3-10-4-19.7-5.2-29-4.7-38.2 1.1-67.9 14.6-75.8 3-1.8 6.9-2.6 11.5-2.6V78.5c-8.4 0-16 1.8-22.6 5.6-28.1 16.2-34.4 66.7-19.9 130.1-62.2 19.2-102.7 49.9-102.7 82.3 0 32.5 40.7 63.3 103.1 82.4-14.4 63.6-8 114.2 20.2 130.4 6.5 3.8 14.1 5.6 22.5 5.6 27.5 0 63.5-19.6 99.9-53.6 36.4 33.8 72.4 53.2 99.9 53.2 8.4 0 16-1.8 22.6-5.6 28.1-16.2 34.4-66.7 19.9-130.1 62-19.1 102.5-49.9 102.5-82.3zm-130.2-66.7c-3.7 12.9-8.3 26.2-13.5 39.5-4.1-8-8.4-16-13.1-24-4.6-8-9.5-15.8-14.4-23.4 14.2 2.1 27.9 4.7 41 7.9zm-45.8 106.5c-7.8 13.5-15.8 26.3-24.1 38.2-14.9 1.3-30 2-45.2 2-15.1 0-30.2-.7-45-1.9-8.3-11.9-16.4-24.6-24.2-38-7.6-13.1-14.5-26.4-20.8-39.8 6.2-13.4 13.2-26.8 20.7-39.9 7.8-13.5 15.8-26.3 24.1-38.2 14.9-1.3 30-2 45.2-2 15.1 0 30.2.7 45 1.9 8.3 11.9 16.4 24.6 24.2 38 7.6 13.1 14.5 26.4 20.8 39.8-6.3 13.4-13.2 26.8-20.7 39.9zm32.3-13c5.4 13.4 10 26.8 13.8 39.8-13.1 3.2-26.9 5.9-41.2 8 4.9-7.7 9.8-15.6 14.4-23.7 4.6-8 8.9-16.1 13-24.1zM421.2 430c-9.3-9.6-18.6-20.3-27.8-32 9 .4 18.2.7 27.5.7 9.4 0 18.7-.2 27.8-.7-9 11.7-18.3 22.4-27.5 32zm-74.4-58.9c-14.2-2.1-27.9-4.7-41-7.9 3.7-12.9 8.3-26.2 13.5-39.5 4.1 8 8.4 16 13.1 24 4.7 8 9.5 15.8 14.4 23.4zM420.7 163c9.3 9.6 18.6 20.3 27.8 32-9-.4-18.2-.7-27.5-.7-9.4 0-18.7.2-27.8.7 9-11.7 18.3-22.4 27.5-32zm-74 58.9c-4.9 7.7-9.8 15.6-14.4 23.7-4.6 8-8.9 16-13 24-5.4-13.4-10-26.8-13.8-39.8 13.1-3.1 26.9-5.8 41.2-7.9zm-90.5 125.2c-35.4-15.1-58.3-34.9-58.3-50.6 0-15.7 22.9-35.6 58.3-50.6 8.6-3.7 18-7 27.7-10.1 5.7 19.6 13.2 40 22.5 60.9-9.2 20.8-16.6 41.1-22.2 60.6-9.9-3.1-19.3-6.5-28-10.2zM310 490c-13.6-7.8-19.5-37.5-14.9-75.7 1.1-9.4 2.9-19.3 5.1-29.4 19.6 4.8 41 8.5 63.5 10.9 13.5 18.5 27.5 35.3 41.6 50-32.6 30.3-63.2 46.9-84 46.9-4.5-.1-8.3-1-11.3-2.7zm237.2-76.2c4.7 38.2-1.1 67.9-14.6 75.8-3 1.8-6.9 2.6-11.5 2.6-20.7 0-51.4-16.5-84-46.6 14-14.7 28-31.4 41.3-49.9 22.6-2.4 44-6.1 63.6-11 2.3 10.1 4.1 19.8 5.2 29.1zm38.5-66.7c-8.6 3.7-18 7-27.7 10.1-5.7-19.6-13.2-40-22.5-60.9 9.2-20.8 16.6-41.1 22.2-60.6 9.9 3.1 19.3 6.5 28.1 10.2 35.4 15.1 58.3 34.9 58.3 50.6-.1 15.7-23 35.6-58.4 50.6zM320.8 78.4z",
        },
        "ref": null,
        "rendered": null,
        "type": "path",
      },
      Object {
        "instance": null,
        "key": undefined,
        "nodeType": "host",
        "props": Object {
          "cx": "420.9",
          "cy": "296.5",
          "r": "45.7",
        },
        "ref": null,
        "rendered": null,
        "type": "circle",
      },
      Object {
        "instance": null,
        "key": undefined,
        "nodeType": "host",
        "props": Object {
          "d": "M520.5 78.1z",
        },
        "ref": null,
        "rendered": null,
        "type": "path",
      },
    ],
    "type": "g",
  },
  Symbol(enzyme.__nodes__): Array [
    Object {
      "instance": null,
      "key": undefined,
      "nodeType": "host",
      "props": Object {
        "children": Array [
          <path
            d="M666.3 296.5c0-32.5-40.7-63.3-103.1-82.4 14.4-63.6 8-114.2-20.2-130.4-6.5-3.8-14.1-5.6-22.4-5.6v22.3c4.6 0 8.3.9 11.4 2.6 13.6 7.8 19.5 37.5 14.9 75.7-1.1 9.4-2.9 19.3-5.1 29.4-19.6-4.8-41-8.5-63.5-10.9-13.5-18.5-27.5-35.3-41.6-50 32.6-30.3 63.2-46.9 84-46.9V78c-27.5 0-63.5 19.6-99.9 53.6-36.4-33.8-72.4-53.2-99.9-53.2v22.3c20.7 0 51.4 16.5 84 46.6-14 14.7-28 31.4-41.3 49.9-22.6 2.4-44 6.1-63.6 11-2.3-10-4-19.7-5.2-29-4.7-38.2 1.1-67.9 14.6-75.8 3-1.8 6.9-2.6 11.5-2.6V78.5c-8.4 0-16 1.8-22.6 5.6-28.1 16.2-34.4 66.7-19.9 130.1-62.2 19.2-102.7 49.9-102.7 82.3 0 32.5 40.7 63.3 103.1 82.4-14.4 63.6-8 114.2 20.2 130.4 6.5 3.8 14.1 5.6 22.5 5.6 27.5 0 63.5-19.6 99.9-53.6 36.4 33.8 72.4 53.2 99.9 53.2 8.4 0 16-1.8 22.6-5.6 28.1-16.2 34.4-66.7 19.9-130.1 62-19.1 102.5-49.9 102.5-82.3zm-130.2-66.7c-3.7 12.9-8.3 26.2-13.5 39.5-4.1-8-8.4-16-13.1-24-4.6-8-9.5-15.8-14.4-23.4 14.2 2.1 27.9 4.7 41 7.9zm-45.8 106.5c-7.8 13.5-15.8 26.3-24.1 38.2-14.9 1.3-30 2-45.2 2-15.1 0-30.2-.7-45-1.9-8.3-11.9-16.4-24.6-24.2-38-7.6-13.1-14.5-26.4-20.8-39.8 6.2-13.4 13.2-26.8 20.7-39.9 7.8-13.5 15.8-26.3 24.1-38.2 14.9-1.3 30-2 45.2-2 15.1 0 30.2.7 45 1.9 8.3 11.9 16.4 24.6 24.2 38 7.6 13.1 14.5 26.4 20.8 39.8-6.3 13.4-13.2 26.8-20.7 39.9zm32.3-13c5.4 13.4 10 26.8 13.8 39.8-13.1 3.2-26.9 5.9-41.2 8 4.9-7.7 9.8-15.6 14.4-23.7 4.6-8 8.9-16.1 13-24.1zM421.2 430c-9.3-9.6-18.6-20.3-27.8-32 9 .4 18.2.7 27.5.7 9.4 0 18.7-.2 27.8-.7-9 11.7-18.3 22.4-27.5 32zm-74.4-58.9c-14.2-2.1-27.9-4.7-41-7.9 3.7-12.9 8.3-26.2 13.5-39.5 4.1 8 8.4 16 13.1 24 4.7 8 9.5 15.8 14.4 23.4zM420.7 163c9.3 9.6 18.6 20.3 27.8 32-9-.4-18.2-.7-27.5-.7-9.4 0-18.7.2-27.8.7 9-11.7 18.3-22.4 27.5-32zm-74 58.9c-4.9 7.7-9.8 15.6-14.4 23.7-4.6 8-8.9 16-13 24-5.4-13.4-10-26.8-13.8-39.8 13.1-3.1 26.9-5.8 41.2-7.9zm-90.5 125.2c-35.4-15.1-58.3-34.9-58.3-50.6 0-15.7 22.9-35.6 58.3-50.6 8.6-3.7 18-7 27.7-10.1 5.7 19.6 13.2 40 22.5 60.9-9.2 20.8-16.6 41.1-22.2 60.6-9.9-3.1-19.3-6.5-28-10.2zM310 490c-13.6-7.8-19.5-37.5-14.9-75.7 1.1-9.4 2.9-19.3 5.1-29.4 19.6 4.8 41 8.5 63.5 10.9 13.5 18.5 27.5 35.3 41.6 50-32.6 30.3-63.2 46.9-84 46.9-4.5-.1-8.3-1-11.3-2.7zm237.2-76.2c4.7 38.2-1.1 67.9-14.6 75.8-3 1.8-6.9 2.6-11.5 2.6-20.7 0-51.4-16.5-84-46.6 14-14.7 28-31.4 41.3-49.9 22.6-2.4 44-6.1 63.6-11 2.3 10.1 4.1 19.8 5.2 29.1zm38.5-66.7c-8.6 3.7-18 7-27.7 10.1-5.7-19.6-13.2-40-22.5-60.9 9.2-20.8 16.6-41.1 22.2-60.6 9.9 3.1 19.3 6.5 28.1 10.2 35.4 15.1 58.3 34.9 58.3 50.6-.1 15.7-23 35.6-58.4 50.6zM320.8 78.4z"
/>,
          <circle
            cx="420.9"
            cy="296.5"
            r="45.7"
/>,
          <path
            d="M520.5 78.1z"
/>,
        ],
        "fill": "#61DAFB",
        "onClick": [Function],
        "style": Object {
          "cursor": "pointer",
        },
        "transform": "scale(0.0125)translate(-70, 112)",
      },
      "ref": null,
      "rendered": Array [
        Object {
          "instance": null,
          "key": undefined,
          "nodeType": "host",
          "props": Object {
            "d": "M666.3 296.5c0-32.5-40.7-63.3-103.1-82.4 14.4-63.6 8-114.2-20.2-130.4-6.5-3.8-14.1-5.6-22.4-5.6v22.3c4.6 0 8.3.9 11.4 2.6 13.6 7.8 19.5 37.5 14.9 75.7-1.1 9.4-2.9 19.3-5.1 29.4-19.6-4.8-41-8.5-63.5-10.9-13.5-18.5-27.5-35.3-41.6-50 32.6-30.3 63.2-46.9 84-46.9V78c-27.5 0-63.5 19.6-99.9 53.6-36.4-33.8-72.4-53.2-99.9-53.2v22.3c20.7 0 51.4 16.5 84 46.6-14 14.7-28 31.4-41.3 49.9-22.6 2.4-44 6.1-63.6 11-2.3-10-4-19.7-5.2-29-4.7-38.2 1.1-67.9 14.6-75.8 3-1.8 6.9-2.6 11.5-2.6V78.5c-8.4 0-16 1.8-22.6 5.6-28.1 16.2-34.4 66.7-19.9 130.1-62.2 19.2-102.7 49.9-102.7 82.3 0 32.5 40.7 63.3 103.1 82.4-14.4 63.6-8 114.2 20.2 130.4 6.5 3.8 14.1 5.6 22.5 5.6 27.5 0 63.5-19.6 99.9-53.6 36.4 33.8 72.4 53.2 99.9 53.2 8.4 0 16-1.8 22.6-5.6 28.1-16.2 34.4-66.7 19.9-130.1 62-19.1 102.5-49.9 102.5-82.3zm-130.2-66.7c-3.7 12.9-8.3 26.2-13.5 39.5-4.1-8-8.4-16-13.1-24-4.6-8-9.5-15.8-14.4-23.4 14.2 2.1 27.9 4.7 41 7.9zm-45.8 106.5c-7.8 13.5-15.8 26.3-24.1 38.2-14.9 1.3-30 2-45.2 2-15.1 0-30.2-.7-45-1.9-8.3-11.9-16.4-24.6-24.2-38-7.6-13.1-14.5-26.4-20.8-39.8 6.2-13.4 13.2-26.8 20.7-39.9 7.8-13.5 15.8-26.3 24.1-38.2 14.9-1.3 30-2 45.2-2 15.1 0 30.2.7 45 1.9 8.3 11.9 16.4 24.6 24.2 38 7.6 13.1 14.5 26.4 20.8 39.8-6.3 13.4-13.2 26.8-20.7 39.9zm32.3-13c5.4 13.4 10 26.8 13.8 39.8-13.1 3.2-26.9 5.9-41.2 8 4.9-7.7 9.8-15.6 14.4-23.7 4.6-8 8.9-16.1 13-24.1zM421.2 430c-9.3-9.6-18.6-20.3-27.8-32 9 .4 18.2.7 27.5.7 9.4 0 18.7-.2 27.8-.7-9 11.7-18.3 22.4-27.5 32zm-74.4-58.9c-14.2-2.1-27.9-4.7-41-7.9 3.7-12.9 8.3-26.2 13.5-39.5 4.1 8 8.4 16 13.1 24 4.7 8 9.5 15.8 14.4 23.4zM420.7 163c9.3 9.6 18.6 20.3 27.8 32-9-.4-18.2-.7-27.5-.7-9.4 0-18.7.2-27.8.7 9-11.7 18.3-22.4 27.5-32zm-74 58.9c-4.9 7.7-9.8 15.6-14.4 23.7-4.6 8-8.9 16-13 24-5.4-13.4-10-26.8-13.8-39.8 13.1-3.1 26.9-5.8 41.2-7.9zm-90.5 125.2c-35.4-15.1-58.3-34.9-58.3-50.6 0-15.7 22.9-35.6 58.3-50.6 8.6-3.7 18-7 27.7-10.1 5.7 19.6 13.2 40 22.5 60.9-9.2 20.8-16.6 41.1-22.2 60.6-9.9-3.1-19.3-6.5-28-10.2zM310 490c-13.6-7.8-19.5-37.5-14.9-75.7 1.1-9.4 2.9-19.3 5.1-29.4 19.6 4.8 41 8.5 63.5 10.9 13.5 18.5 27.5 35.3 41.6 50-32.6 30.3-63.2 46.9-84 46.9-4.5-.1-8.3-1-11.3-2.7zm237.2-76.2c4.7 38.2-1.1 67.9-14.6 75.8-3 1.8-6.9 2.6-11.5 2.6-20.7 0-51.4-16.5-84-46.6 14-14.7 28-31.4 41.3-49.9 22.6-2.4 44-6.1 63.6-11 2.3 10.1 4.1 19.8 5.2 29.1zm38.5-66.7c-8.6 3.7-18 7-27.7 10.1-5.7-19.6-13.2-40-22.5-60.9 9.2-20.8 16.6-41.1 22.2-60.6 9.9 3.1 19.3 6.5 28.1 10.2 35.4 15.1 58.3 34.9 58.3 50.6-.1 15.7-23 35.6-58.4 50.6zM320.8 78.4z",
          },
          "ref": null,
          "rendered": null,
          "type": "path",
        },
        Object {
          "instance": null,
          "key": undefined,
          "nodeType": "host",
          "props": Object {
            "cx": "420.9",
            "cy": "296.5",
            "r": "45.7",
          },
          "ref": null,
          "rendered": null,
          "type": "circle",
        },
        Object {
          "instance": null,
          "key": undefined,
          "nodeType": "host",
          "props": Object {
            "d": "M520.5 78.1z",
          },
          "ref": null,
          "rendered": null,
          "type": "path",
        },
      ],
      "type": "g",
    },
  ],
  Symbol(enzyme.__options__): Object {
    "adapter": ReactSixteenAdapter {
      "options": Object {
        "enableComponentDidUpdateOnSetState": true,
      },
    },
  },
}
`;
