// Jest Snapshot v1, https://goo.gl/fbAQLP

exports[`HexGridColumn renders 1`] = `
ShallowWrapper {
  "length": 1,
  Symbol(enzyme.__root__): [Circular],
  Symbol(enzyme.__unrendered__): <HexGridColumn
    clickHandler={[Function]}
    tile={
        Object {
            "Component": [Function],
            "Content": <div>
              hi
        </div>,
            "backgroundFill": "#333",
            "fill": "#222",
          }
    }
/>,
  Symbol(enzyme.__renderer__): Object {
    "batchedUpdates": [Function],
    "getNode": [Function],
    "render": [Function],
    "simulateEvent": [Function],
    "unmount": [Function],
  },
  Symbol(enzyme.__node__): Object {
    "instance": null,
    "key": undefined,
    "nodeType": "function",
    "props": Object {
      "children": <Hexagon
        diagonal={100}
        flatTop={false}
        onClick={[Function]}
        style={
                Object {
                        "fill": "#333",
                        "stroke": "none",
                      }
        }
>
        <Component
                fill="#222"
                handler={[Function]}
        />
</Hexagon>,
    },
    "ref": null,
    "rendered": Object {
      "instance": null,
      "key": undefined,
      "nodeType": "function",
      "props": Object {
        "children": <Component
          fill="#222"
          handler={[Function]}
/>,
        "diagonal": 100,
        "flatTop": false,
        "onClick": [Function],
        "style": Object {
          "fill": "#333",
          "stroke": "none",
        },
      },
      "ref": null,
      "rendered": Object {
        "instance": null,
        "key": undefined,
        "nodeType": "function",
        "props": Object {
          "fill": "#222",
          "handler": [Function],
        },
        "ref": null,
        "rendered": null,
        "type": [Function],
      },
      "type": [Function],
    },
    "type": [Function],
  },
  Symbol(enzyme.__nodes__): Array [
    Object {
      "instance": null,
      "key": undefined,
      "nodeType": "function",
      "props": Object {
        "children": <Hexagon
          diagonal={100}
          flatTop={false}
          onClick={[Function]}
          style={
                    Object {
                              "fill": "#333",
                              "stroke": "none",
                            }
          }
>
          <Component
                    fill="#222"
                    handler={[Function]}
          />
</Hexagon>,
      },
      "ref": null,
      "rendered": Object {
        "instance": null,
        "key": undefined,
        "nodeType": "function",
        "props": Object {
          "children": <Component
            fill="#222"
            handler={[Function]}
/>,
          "diagonal": 100,
          "flatTop": false,
          "onClick": [Function],
          "style": Object {
            "fill": "#333",
            "stroke": "none",
          },
        },
        "ref": null,
        "rendered": Object {
          "instance": null,
          "key": undefined,
          "nodeType": "function",
          "props": Object {
            "fill": "#222",
            "handler": [Function],
          },
          "ref": null,
          "rendered": null,
          "type": [Function],
        },
        "type": [Function],
      },
      "type": [Function],
    },
  ],
  Symbol(enzyme.__options__): Object {
    "adapter": ReactSixteenAdapter {
      "options": Object {
        "enableComponentDidUpdateOnSetState": true,
      },
    },
  },
}
`;
